---
source: src/tests/mod.rs
expression: ast
input_file: src/tests/source_files/functions.lv
---
Program(
    [
        Expression {
            span: Span {
                start: 0,
                end: 45,
            },
            kind: VariableDecl {
                name: "add",
                value: Expression {
                    span: Span {
                        start: 7,
                        end: 45,
                    },
                    kind: Function {
                        parameters: [
                            FunctionParameter {
                                modifier: Read,
                                labeled_at_callsite: false,
                                internal_name: "x",
                                external_name: None,
                                ty: Ident(
                                    "Int",
                                ),
                            },
                            FunctionParameter {
                                modifier: Read,
                                labeled_at_callsite: true,
                                internal_name: "y",
                                external_name: Some(
                                    "to",
                                ),
                                ty: Ident(
                                    "Int",
                                ),
                            },
                        ],
                        return_type: Some(
                            Ident(
                                "Int",
                            ),
                        ),
                        body: Expression {
                            span: Span {
                                start: 40,
                                end: 45,
                            },
                            kind: Infix {
                                left: Expression {
                                    span: Span {
                                        start: 40,
                                        end: 41,
                                    },
                                    kind: Ident(
                                        "x",
                                    ),
                                },
                                operator: Plus,
                                right: Expression {
                                    span: Span {
                                        start: 44,
                                        end: 45,
                                    },
                                    kind: Ident(
                                        "y",
                                    ),
                                },
                            },
                        },
                    },
                },
                mutable: false,
                ty: None,
            },
        },
        Expression {
            span: Span {
                start: 47,
                end: 92,
            },
            kind: VariableDecl {
                name: "add",
                value: Expression {
                    span: Span {
                        start: 54,
                        end: 92,
                    },
                    kind: Function {
                        parameters: [
                            FunctionParameter {
                                modifier: Read,
                                labeled_at_callsite: false,
                                internal_name: "x",
                                external_name: None,
                                ty: Ident(
                                    "Unit",
                                ),
                            },
                            FunctionParameter {
                                modifier: Read,
                                labeled_at_callsite: true,
                                internal_name: "y",
                                external_name: Some(
                                    "to",
                                ),
                                ty: Ident(
                                    "Unit",
                                ),
                            },
                        ],
                        return_type: Some(
                            Ident(
                                "Unit",
                            ),
                        ),
                        body: Expression {
                            span: Span {
                                start: 90,
                                end: 92,
                            },
                            kind: Block(
                                [],
                            ),
                        },
                    },
                },
                mutable: false,
                ty: None,
            },
        },
        Expression {
            span: Span {
                start: 94,
                end: 169,
            },
            kind: VariableDecl {
                name: "main",
                value: Expression {
                    span: Span {
                        start: 102,
                        end: 169,
                    },
                    kind: Function {
                        parameters: [],
                        return_type: Some(
                            Ident(
                                "Int",
                            ),
                        ),
                        body: Expression {
                            span: Span {
                                start: 116,
                                end: 169,
                            },
                            kind: Block(
                                [
                                    Expression {
                                        span: Span {
                                            start: 120,
                                            end: 138,
                                        },
                                        kind: VariableDecl {
                                            name: "x",
                                            value: Expression {
                                                span: Span {
                                                    start: 125,
                                                    end: 138,
                                                },
                                                kind: FunctionCall {
                                                    name: "add",
                                                    arguments: [
                                                        FunctionArgument {
                                                            label: None,
                                                            value: Expression {
                                                                span: Span {
                                                                    start: 129,
                                                                    end: 130,
                                                                },
                                                                kind: IntLiteral(
                                                                    4,
                                                                ),
                                                            },
                                                        },
                                                        FunctionArgument {
                                                            label: Some(
                                                                "to",
                                                            ),
                                                            value: Expression {
                                                                span: Span {
                                                                    start: 136,
                                                                    end: 137,
                                                                },
                                                                kind: IntLiteral(
                                                                    9,
                                                                ),
                                                            },
                                                        },
                                                    ],
                                                },
                                            },
                                            mutable: false,
                                            ty: None,
                                        },
                                    },
                                    Expression {
                                        span: Span {
                                            start: 142,
                                            end: 162,
                                        },
                                        kind: VariableDecl {
                                            name: "y",
                                            value: Expression {
                                                span: Span {
                                                    start: 147,
                                                    end: 162,
                                                },
                                                kind: FunctionCall {
                                                    name: "add",
                                                    arguments: [
                                                        FunctionArgument {
                                                            label: None,
                                                            value: Expression {
                                                                span: Span {
                                                                    start: 151,
                                                                    end: 153,
                                                                },
                                                                kind: Block(
                                                                    [],
                                                                ),
                                                            },
                                                        },
                                                        FunctionArgument {
                                                            label: Some(
                                                                "to",
                                                            ),
                                                            value: Expression {
                                                                span: Span {
                                                                    start: 159,
                                                                    end: 161,
                                                                },
                                                                kind: Block(
                                                                    [],
                                                                ),
                                                            },
                                                        },
                                                    ],
                                                },
                                            },
                                            mutable: false,
                                            ty: None,
                                        },
                                    },
                                    Expression {
                                        span: Span {
                                            start: 166,
                                            end: 167,
                                        },
                                        kind: Ident(
                                            "x",
                                        ),
                                    },
                                ],
                            ),
                        },
                    },
                },
                mutable: false,
                ty: None,
            },
        },
    ],
)
